[p.w3layouts.com/demos_new/template_demo/13-07-2021/edukator-liberty-demo_Free/199581931/web/index3604.html]
[backblue.gif]
[fade.gif]
[index.html]
[p.w3layouts.com/demos_new/template_demo/13-07-2021/edukator-liberty-demo_Free/199581931/web/assets/css/style-liberty.css]
[p.w3layouts.com/demos_new/template_demo/13-07-2021/edukator-liberty-demo_Free/199581931/web/index.html]
[p.w3layouts.com/demos_new/template_demo/13-07-2021/edukator-liberty-demo_Free/199581931/web/about.html]
[p.w3layouts.com/demos_new/template_demo/13-07-2021/edukator-liberty-demo_Free/199581931/web/courses.html]
[p.w3layouts.com/demos_new/template_demo/13-07-2021/edukator-liberty-demo_Free/199581931/web/blog.html]
[p.w3layouts.com/demos_new/template_demo/13-07-2021/edukator-liberty-demo_Free/199581931/web/blog-single.html]
[p.w3layouts.com/demos_new/template_demo/13-07-2021/edukator-liberty-demo_Free/199581931/web/error.html]
[p.w3layouts.com/demos_new/template_demo/13-07-2021/edukator-liberty-demo_Free/199581931/web/landing-single.html]
[p.w3layouts.com/demos_new/template_demo/13-07-2021/edukator-liberty-demo_Free/199581931/web/email-template.html]
[p.w3layouts.com/demos_new/template_demo/13-07-2021/edukator-liberty-demo_Free/199581931/web/elements.html]
[p.w3layouts.com/demos_new/template_demo/13-07-2021/edukator-liberty-demo_Free/199581931/web/contact.html]
[p.w3layouts.com/demos_new/template_demo/13-07-2021/edukator-liberty-demo_Free/199581931/web/assets/images/line-edu.mp4]
[p.w3layouts.com/demos_new/template_demo/13-07-2021/edukator-liberty-demo_Free/199581931/web/assets/images/1.jpg]
[p.w3layouts.com/demos_new/template_demo/13-07-2021/edukator-liberty-demo_Free/199581931/web/assets/images/b8.jpg]
[p.w3layouts.com/demos_new/template_demo/13-07-2021/edukator-liberty-demo_Free/199581931/web/assets/images/b3.jpg]
[p.w3layouts.com/demos_new/template_demo/13-07-2021/edukator-liberty-demo_Free/199581931/web/assets/images/2.jpg]
[p.w3layouts.com/demos_new/template_demo/13-07-2021/edukator-liberty-demo_Free/199581931/web/assets/images/ab1.jpg]
[p.w3layouts.com/demos_new/template_demo/13-07-2021/edukator-liberty-demo_Free/199581931/web/assets/images/b1.jpg]
[p.w3layouts.com/demos_new/template_demo/13-07-2021/edukator-liberty-demo_Free/199581931/web/assets/images/b2.jpg]
[p.w3layouts.com/demos_new/template_demo/13-07-2021/edukator-liberty-demo_Free/199581931/web/assets/images/b4.jpg]
[p.w3layouts.com/demos_new/template_demo/13-07-2021/edukator-liberty-demo_Free/199581931/web/assets/images/b7.jpg]
[p.w3layouts.com/demos_new/template_demo/13-07-2021/edukator-liberty-demo_Free/199581931/web/assets/images/team1.jpg]
[p.w3layouts.com/demos_new/template_demo/13-07-2021/edukator-liberty-demo_Free/199581931/web/assets/images/b6.jpg]
[p.w3layouts.com/demos_new/template_demo/13-07-2021/edukator-liberty-demo_Free/199581931/web/assets/images/team2.jpg]
[p.w3layouts.com/demos_new/template_demo/13-07-2021/edukator-liberty-demo_Free/199581931/web/assets/images/team3.jpg]
[p.w3layouts.com/demos_new/template_demo/13-07-2021/edukator-liberty-demo_Free/199581931/web/assets/js/jquery-3.3.1.min.js]
[p.w3layouts.com/demos_new/template_demo/13-07-2021/edukator-liberty-demo_Free/199581931/web/assets/js/theme-change.js]
[p.w3layouts.com/demos_new/template_demo/13-07-2021/edukator-liberty-demo_Free/199581931/web/assets/js/jquery.waypoints.min.js]
[p.w3layouts.com/demos_new/template_demo/13-07-2021/edukator-liberty-demo_Free/199581931/web/assets/js/jquery.countup.js]
[p.w3layouts.com/demos_new/template_demo/13-07-2021/edukator-liberty-demo_Free/199581931/web/assets/js/owl.carousel.js]
[p.w3layouts.com/demos_new/template_demo/13-07-2021/edukator-liberty-demo_Free/199581931/web/assets/js/bootstrap.min.js]
[p.w3layouts.com/demos_new/template_demo/13-07-2021/edukator-liberty-demo_Free/199581931/web/index3604.html]
[p.w3layouts.com/cdn-cgi/challenge-platform/h/g/scripts/jsd/4687995f25e1/maind41d.js]
[p.w3layouts.com/demos_new/template_demo/13-07-2021/edukator-liberty-demo_Free/199581931/web/assets/webfonts/fa-brands-400.eot]
[p.w3layouts.com/demos_new/template_demo/13-07-2021/edukator-liberty-demo_Free/199581931/web/assets/webfonts/fa-brands-400d41d.eot]
[p.w3layouts.com/demos_new/template_demo/13-07-2021/edukator-liberty-demo_Free/199581931/web/assets/webfonts/fa-brands-400.woff2]
[p.w3layouts.com/demos_new/template_demo/13-07-2021/edukator-liberty-demo_Free/199581931/web/assets/webfonts/fa-brands-400.woff]
[p.w3layouts.com/demos_new/template_demo/13-07-2021/edukator-liberty-demo_Free/199581931/web/assets/webfonts/fa-brands-400.ttf]
[p.w3layouts.com/demos_new/template_demo/13-07-2021/edukator-liberty-demo_Free/199581931/web/assets/webfonts/fa-brands-400.svg]
[p.w3layouts.com/demos_new/template_demo/13-07-2021/edukator-liberty-demo_Free/199581931/web/assets/webfonts/fa-regular-400.eot]
[p.w3layouts.com/demos_new/template_demo/13-07-2021/edukator-liberty-demo_Free/199581931/web/assets/webfonts/fa-regular-400d41d.eot]
[p.w3layouts.com/demos_new/template_demo/13-07-2021/edukator-liberty-demo_Free/199581931/web/assets/webfonts/fa-regular-400.woff2]
[p.w3layouts.com/demos_new/template_demo/13-07-2021/edukator-liberty-demo_Free/199581931/web/assets/webfonts/fa-regular-400.woff]
[p.w3layouts.com/demos_new/template_demo/13-07-2021/edukator-liberty-demo_Free/199581931/web/assets/webfonts/fa-regular-400.ttf]
[p.w3layouts.com/demos_new/template_demo/13-07-2021/edukator-liberty-demo_Free/199581931/web/assets/webfonts/fa-regular-400.svg]
[p.w3layouts.com/demos_new/template_demo/13-07-2021/edukator-liberty-demo_Free/199581931/web/assets/webfonts/fa-solid-900.eot]
[p.w3layouts.com/demos_new/template_demo/13-07-2021/edukator-liberty-demo_Free/199581931/web/assets/webfonts/fa-solid-900d41d.eot]
[p.w3layouts.com/demos_new/template_demo/13-07-2021/edukator-liberty-demo_Free/199581931/web/assets/webfonts/fa-solid-900.woff2]
[p.w3layouts.com/demos_new/template_demo/13-07-2021/edukator-liberty-demo_Free/199581931/web/assets/webfonts/fa-solid-900.woff]
[p.w3layouts.com/demos_new/template_demo/13-07-2021/edukator-liberty-demo_Free/199581931/web/assets/webfonts/fa-solid-900.ttf]
[p.w3layouts.com/demos_new/template_demo/13-07-2021/edukator-liberty-demo_Free/199581931/web/assets/webfonts/fa-solid-900.svg]
[p.w3layouts.com/demos_new/template_demo/13-07-2021/edukator-liberty-demo_Free/199581931/web/assets/images/banner1.jpg]
[p.w3layouts.com/demos_new/template_demo/13-07-2021/edukator-liberty-demo_Free/199581931/web/assets/images/ab2.jpg]
[p.w3layouts.com/demos_new/template_demo/13-07-2021/edukator-liberty-demo_Free/199581931/web/assets/css/owl.video.play.png]
[p.w3layouts.com/demos_new/template_demo/13-07-2021/edukator-liberty-demo_Free/199581931/web/assets/images/banner3.jpg]
[p.w3layouts.com/demos_new/template_demo/13-07-2021/edukator-liberty-demo_Free/199581931/web/assets/css/style-liberty.css]
[p.w3layouts.com/demos_new/template_demo/13-07-2021/edukator-liberty-demo_Free/199581931/web/index.html]
[p.w3layouts.com/demos_new/template_demo/13-07-2021/edukator-liberty-demo_Free/199581931/web/assets/images/team4.jpg]
[p.w3layouts.com/demos_new/template_demo/13-07-2021/edukator-liberty-demo_Free/199581931/web/about.html]
[p.w3layouts.com/demos_new/template_demo/13-07-2021/edukator-liberty-demo_Free/199581931/web/course.html]
[p.w3layouts.com/demos_new/template_demo/13-07-2021/edukator-liberty-demo_Free/199581931/web/assets/images/ab3.jpg]
[p.w3layouts.com/demos_new/template_demo/13-07-2021/edukator-liberty-demo_Free/199581931/web/assets/images/banner2.jpg]
[p.w3layouts.com/demos_new/template_demo/13-07-2021/edukator-liberty-demo_Free/199581931/web/assets/images/b5.jpg]
[p.w3layouts.com/demos_new/template_demo/13-07-2021/edukator-liberty-demo_Free/199581931/web/courses.html]
[p.w3layouts.com/demos_new/template_demo/13-07-2021/edukator-liberty-demo_Free/199581931/web/blog.html]
[p.w3layouts.com/demos_new/template_demo/13-07-2021/edukator-liberty-demo_Free/199581931/web/blog-single.html]
[p.w3layouts.com/demos_new/template_demo/13-07-2021/edukator-liberty-demo_Free/199581931/web/error.html]
[p.w3layouts.com/demos_new/template_demo/13-07-2021/edukator-liberty-demo_Free/199581931/web/landing-single.html]
[p.w3layouts.com/cdn-cgi/scripts/5c5dd728/cloudflare-static/email-decode.min.js]
[p.w3layouts.com/demos_new/template_demo/13-07-2021/edukator-liberty-demo_Free/199581931/web/assets/images/logo-icon.png]
[p.w3layouts.com/demos_new/template_demo/13-07-2021/edukator-liberty-demo_Free/199581931/web/assets/images/fb.png]
[p.w3layouts.com/demos_new/template_demo/13-07-2021/edukator-liberty-demo_Free/199581931/web/assets/images/tw.png]
[p.w3layouts.com/demos_new/template_demo/13-07-2021/edukator-liberty-demo_Free/199581931/web/assets/images/ins.png]
[p.w3layouts.com/demos_new/template_demo/13-07-2021/edukator-liberty-demo_Free/199581931/web/email-template.html]
[p.w3layouts.com/demos_new/template_demo/13-07-2021/edukator-liberty-demo_Free/199581931/web/assets/images/media-img.png]
[p.w3layouts.com/demos_new/template_demo/13-07-2021/edukator-liberty-demo_Free/199581931/web/elements.html]
[p.w3layouts.com/demos_new/template_demo/13-07-2021/edukator-liberty-demo_Free/199581931/web/contact.html]
[p.w3layouts.com/demos_new/template_demo/13-07-2021/edukator-liberty-demo_Free/199581931/web/assets/webfonts/fa-brands-400.svg]
[p.w3layouts.com/demos_new/template_demo/13-07-2021/edukator-liberty-demo_Free/199581931/web/assets/webfonts/fa-regular-400.svg]
[p.w3layouts.com/demos_new/template_demo/13-07-2021/edukator-liberty-demo_Free/199581931/web/assets/webfonts/fa-solid-900.svg]
[p.w3layouts.com/demos_new/template_demo/13-07-2021/edukator-liberty-demo_Free/199581931/web/assets/css/owl.video.play.html]
[p.w3layouts.com/demos_new/template_demo/13-07-2021/edukator-liberty-demo_Free/199581931/web/course.html]
